Component: Arm Compiler for Embedded 6.19 Tool: armlink [5e73cb00]

==============================================================================

Section Cross References

    startup.o(RESET) refers to startup.o(STACK) for StackMem
    startup.o(RESET) refers to main.o(.text) for Start
    main.o(.text) refers to util.o(.text) for PLL_Init
    main.o(.text) refers to gpio.o(.text) for GPIO_Init
    main.o(.text) refers to testar_chaves.o(.text) for Testar_Chaves
    main.o(.text) refers to acender_led.o(.text) for Acender_Leds
    acender_led.o(DATA) refers (Special) to gpio.o(.text) for GPIO_Init
    acender_led.o(.text) refers (Special) to gpio.o(.text) for GPIO_Init
    testar_chaves.o(DATA) refers (Special) to gpio.o(.text) for GPIO_Init
    testar_chaves.o(.text) refers (Special) to gpio.o(.text) for GPIO_Init


==============================================================================

Removing Unused input sections from the image.

    Removing startup.o(HEAP), (0 bytes).
    Removing startup.o(.text), (28 bytes).
    Removing main.o(DATA), (0 bytes).
    Removing acender_led.o(DATA), (0 bytes).
    Removing testar_chaves.o(DATA), (0 bytes).

5 unused section(s) (total 28 bytes) removed from the image.

==============================================================================

Image Symbol Table

    Local Symbols

    Symbol Name                              Value     Ov Type        Size  Object(Section)

    acender_led.s                            0x00000000   Number         0  acender_led.o ABSOLUTE
    gpio.s                                   0x00000000   Number         0  gpio.o ABSOLUTE
    main.s                                   0x00000000   Number         0  main.o ABSOLUTE
    startup.s                                0x00000000   Number         0  startup.o ABSOLUTE
    testar_chaves.s                          0x00000000   Number         0  testar_chaves.o ABSOLUTE
    util.s                                   0x00000000   Number         0  util.o ABSOLUTE
    RESET                                    0x00000000   Section      544  startup.o(RESET)
    $v0                                      0x00000208   Number         0  startup.o(RESET)
    $v0                                      0x00000220   Number         0  main.o(.text)
    .text                                    0x00000220   Section       44  main.o(.text)
    $v0                                      0x0000024c   Number         0  gpio.o(.text)
    .text                                    0x0000024c   Section      264  gpio.o(.text)
    $v0                                      0x00000354   Number         0  util.o(.text)
    .text                                    0x00000354   Section      460  util.o(.text)
    passeio_N                                0x00000520   Data           6  acender_led.o(.text)
    .text                                    0x00000520   Section      144  acender_led.o(.text)
    passeio_F                                0x00000526   Data           6  acender_led.o(.text)
    contador_N                               0x0000052c   Data          16  acender_led.o(.text)
    contador_F                               0x0000053c   Data          16  acender_led.o(.text)
    $v0                                      0x0000054c   Number         0  acender_led.o(.text)
    $v0                                      0x000005b0   Number         0  testar_chaves.o(.text)
    .text                                    0x000005b0   Section      104  testar_chaves.o(.text)
    StackMem                                 0x20000000   Data           0  startup.o(STACK)
    STACK                                    0x20000000   Section     1024  startup.o(STACK)

    Global Symbols

    Symbol Name                              Value     Ov Type        Size  Object(Section)

    BuildAttributes$$THM_ISAv4$E$P$D$K$B$S$7EM$VFPi3$EXTD16$VFPS$VFMA$PE$A:L22UL41UL21$X:L11$S22US41US21$IEEE1$~IW$USESV6$~STKCKD$USESV7$~SHL$OSPACE$EBA8$STANDARDLIB$PRES8$EABIv2 0x00000000   Number         0  anon$$obj.o ABSOLUTE
    __Vectors                                0x00000000   Data           0  startup.o(RESET)
    Reset_Handler                            0x00000209   Thumb Code     0  startup.o(RESET)
    NMI_Handler                              0x0000020d   Thumb Code     2  startup.o(RESET)
    HardFault_Handler                        0x0000020f   Thumb Code     2  startup.o(RESET)
    MemManage_Handler                        0x00000211   Thumb Code     2  startup.o(RESET)
    BusFault_Handler                         0x00000213   Thumb Code     2  startup.o(RESET)
    UsageFault_Handler                       0x00000215   Thumb Code     2  startup.o(RESET)
    SVC_Handler                              0x00000217   Thumb Code     2  startup.o(RESET)
    DebugMon_Handler                         0x00000219   Thumb Code     2  startup.o(RESET)
    PendSV_Handler                           0x0000021b   Thumb Code     2  startup.o(RESET)
    SysTick_Handler                          0x0000021d   Thumb Code     2  startup.o(RESET)
    ADC0Seq0_Handler                         0x0000021f   Thumb Code     0  startup.o(RESET)
    ADC0Seq1_Handler                         0x0000021f   Thumb Code     0  startup.o(RESET)
    ADC0Seq2_Handler                         0x0000021f   Thumb Code     0  startup.o(RESET)
    ADC0Seq3_Handler                         0x0000021f   Thumb Code     0  startup.o(RESET)
    ADC1Seq0_Handler                         0x0000021f   Thumb Code     0  startup.o(RESET)
    ADC1Seq1_Handler                         0x0000021f   Thumb Code     0  startup.o(RESET)
    ADC1Seq2_Handler                         0x0000021f   Thumb Code     0  startup.o(RESET)
    ADC1Seq3_Handler                         0x0000021f   Thumb Code     0  startup.o(RESET)
    CAN0_Handler                             0x0000021f   Thumb Code     0  startup.o(RESET)
    CAN1_Handler                             0x0000021f   Thumb Code     0  startup.o(RESET)
    Comp0_Handler                            0x0000021f   Thumb Code     0  startup.o(RESET)
    Comp1_Handler                            0x0000021f   Thumb Code     0  startup.o(RESET)
    Comp2_Handler                            0x0000021f   Thumb Code     0  startup.o(RESET)
    Ethernet_Handler                         0x0000021f   Thumb Code     0  startup.o(RESET)
    ExtBus_Handler                           0x0000021f   Thumb Code     0  startup.o(RESET)
    FPU_Handler                              0x0000021f   Thumb Code     0  startup.o(RESET)
    FlashCtl_Handler                         0x0000021f   Thumb Code     0  startup.o(RESET)
    GPIOPortA_Handler                        0x0000021f   Thumb Code     0  startup.o(RESET)
    GPIOPortB_Handler                        0x0000021f   Thumb Code     0  startup.o(RESET)
    GPIOPortC_Handler                        0x0000021f   Thumb Code     0  startup.o(RESET)
    GPIOPortD_Handler                        0x0000021f   Thumb Code     0  startup.o(RESET)
    GPIOPortE_Handler                        0x0000021f   Thumb Code     0  startup.o(RESET)
    GPIOPortF_Handler                        0x0000021f   Thumb Code     0  startup.o(RESET)
    GPIOPortG_Handler                        0x0000021f   Thumb Code     0  startup.o(RESET)
    GPIOPortH_Handler                        0x0000021f   Thumb Code     0  startup.o(RESET)
    GPIOPortJ_Handler                        0x0000021f   Thumb Code     0  startup.o(RESET)
    GPIOPortK_Handler                        0x0000021f   Thumb Code     0  startup.o(RESET)
    GPIOPortL_Handler                        0x0000021f   Thumb Code     0  startup.o(RESET)
    GPIOPortM_Handler                        0x0000021f   Thumb Code     0  startup.o(RESET)
    GPIOPortN_Handler                        0x0000021f   Thumb Code     0  startup.o(RESET)
    GPIOPortP1_Handler                       0x0000021f   Thumb Code     0  startup.o(RESET)
    GPIOPortP2_Handler                       0x0000021f   Thumb Code     0  startup.o(RESET)
    GPIOPortP3_Handler                       0x0000021f   Thumb Code     0  startup.o(RESET)
    GPIOPortP4_Handler                       0x0000021f   Thumb Code     0  startup.o(RESET)
    GPIOPortP5_Handler                       0x0000021f   Thumb Code     0  startup.o(RESET)
    GPIOPortP6_Handler                       0x0000021f   Thumb Code     0  startup.o(RESET)
    GPIOPortP7_Handler                       0x0000021f   Thumb Code     0  startup.o(RESET)
    GPIOPortP_Handler                        0x0000021f   Thumb Code     0  startup.o(RESET)
    GPIOPortQ1_Handler                       0x0000021f   Thumb Code     0  startup.o(RESET)
    GPIOPortQ2_Handler                       0x0000021f   Thumb Code     0  startup.o(RESET)
    GPIOPortQ3_Handler                       0x0000021f   Thumb Code     0  startup.o(RESET)
    GPIOPortQ4_Handler                       0x0000021f   Thumb Code     0  startup.o(RESET)
    GPIOPortQ5_Handler                       0x0000021f   Thumb Code     0  startup.o(RESET)
    GPIOPortQ6_Handler                       0x0000021f   Thumb Code     0  startup.o(RESET)
    GPIOPortQ7_Handler                       0x0000021f   Thumb Code     0  startup.o(RESET)
    GPIOPortQ_Handler                        0x0000021f   Thumb Code     0  startup.o(RESET)
    Hibernate_Handler                        0x0000021f   Thumb Code     0  startup.o(RESET)
    I2C0_Handler                             0x0000021f   Thumb Code     0  startup.o(RESET)
    I2C1_Handler                             0x0000021f   Thumb Code     0  startup.o(RESET)
    I2C2_Handler                             0x0000021f   Thumb Code     0  startup.o(RESET)
    I2C3_Handler                             0x0000021f   Thumb Code     0  startup.o(RESET)
    I2C4_Handler                             0x0000021f   Thumb Code     0  startup.o(RESET)
    I2C5_Handler                             0x0000021f   Thumb Code     0  startup.o(RESET)
    I2C6_Handler                             0x0000021f   Thumb Code     0  startup.o(RESET)
    I2C7_Handler                             0x0000021f   Thumb Code     0  startup.o(RESET)
    I2C8_Handler                             0x0000021f   Thumb Code     0  startup.o(RESET)
    I2C9_Handler                             0x0000021f   Thumb Code     0  startup.o(RESET)
    PWM0Fault_Handler                        0x0000021f   Thumb Code     0  startup.o(RESET)
    PWM0Generator0_Handler                   0x0000021f   Thumb Code     0  startup.o(RESET)
    PWM0Generator1_Handler                   0x0000021f   Thumb Code     0  startup.o(RESET)
    PWM0Generator2_Handler                   0x0000021f   Thumb Code     0  startup.o(RESET)
    PWM0Generator3_Handler                   0x0000021f   Thumb Code     0  startup.o(RESET)
    Quadrature0_Handler                      0x0000021f   Thumb Code     0  startup.o(RESET)
    SSI0_Handler                             0x0000021f   Thumb Code     0  startup.o(RESET)
    SSI1_Handler                             0x0000021f   Thumb Code     0  startup.o(RESET)
    SSI2_Handler                             0x0000021f   Thumb Code     0  startup.o(RESET)
    SSI3_Handler                             0x0000021f   Thumb Code     0  startup.o(RESET)
    SysCtl_Handler                           0x0000021f   Thumb Code     0  startup.o(RESET)
    Tamper_Handler                           0x0000021f   Thumb Code     0  startup.o(RESET)
    Timer0A_Handler                          0x0000021f   Thumb Code     0  startup.o(RESET)
    Timer0B_Handler                          0x0000021f   Thumb Code     0  startup.o(RESET)
    Timer1A_Handler                          0x0000021f   Thumb Code     0  startup.o(RESET)
    Timer1B_Handler                          0x0000021f   Thumb Code     0  startup.o(RESET)
    Timer2A_Handler                          0x0000021f   Thumb Code     0  startup.o(RESET)
    Timer2B_Handler                          0x0000021f   Thumb Code     0  startup.o(RESET)
    Timer3A_Handler                          0x0000021f   Thumb Code     0  startup.o(RESET)
    Timer3B_Handler                          0x0000021f   Thumb Code     0  startup.o(RESET)
    Timer4A_Handler                          0x0000021f   Thumb Code     0  startup.o(RESET)
    Timer4B_Handler                          0x0000021f   Thumb Code     0  startup.o(RESET)
    Timer5A_Handler                          0x0000021f   Thumb Code     0  startup.o(RESET)
    Timer5B_Handler                          0x0000021f   Thumb Code     0  startup.o(RESET)
    Timer6A_Handler                          0x0000021f   Thumb Code     0  startup.o(RESET)
    Timer6B_Handler                          0x0000021f   Thumb Code     0  startup.o(RESET)
    Timer7A_Handler                          0x0000021f   Thumb Code     0  startup.o(RESET)
    Timer7B_Handler                          0x0000021f   Thumb Code     0  startup.o(RESET)
    UART0_Handler                            0x0000021f   Thumb Code     0  startup.o(RESET)
    UART1_Handler                            0x0000021f   Thumb Code     0  startup.o(RESET)
    UART2_Handler                            0x0000021f   Thumb Code     0  startup.o(RESET)
    UART3_Handler                            0x0000021f   Thumb Code     0  startup.o(RESET)
    UART4_Handler                            0x0000021f   Thumb Code     0  startup.o(RESET)
    UART5_Handler                            0x0000021f   Thumb Code     0  startup.o(RESET)
    UART6_Handler                            0x0000021f   Thumb Code     0  startup.o(RESET)
    UART7_Handler                            0x0000021f   Thumb Code     0  startup.o(RESET)
    USB0_Handler                             0x0000021f   Thumb Code     0  startup.o(RESET)
    WDT_Handler                              0x0000021f   Thumb Code     0  startup.o(RESET)
    uDMA_Error                               0x0000021f   Thumb Code     0  startup.o(RESET)
    uDMA_Handler                             0x0000021f   Thumb Code     0  startup.o(RESET)
    Start                                    0x00000221   Thumb Code     0  main.o(.text)
    GPIO_Init                                0x0000024d   Thumb Code     0  gpio.o(.text)
    PortN_Output                             0x000002db   Thumb Code     0  gpio.o(.text)
    PortF_Output                             0x000002eb   Thumb Code     0  gpio.o(.text)
    PortJ_Input                              0x000002fb   Thumb Code     0  gpio.o(.text)
    PLL_Init                                 0x00000355   Thumb Code     0  util.o(.text)
    SysTick_Init                             0x0000047d   Thumb Code     0  util.o(.text)
    SysTick_Wait1ms                          0x000004b3   Thumb Code     0  util.o(.text)
    Acender_Leds                             0x0000054d   Thumb Code     0  acender_led.o(.text)
    Testar_Chaves                            0x000005b1   Thumb Code     0  testar_chaves.o(.text)



==============================================================================

Memory Map of the image

  Image Entry point : 0x00000209

  Load Region LR_1 (Base: 0x00000000, Size: 0x00000618, Max: 0xffffffff, ABSOLUTE)

    Execution Region ER_RO (Exec base: 0x00000000, Load base: 0x00000000, Size: 0x00000618, Max: 0xffffffff, ABSOLUTE)

    Exec Addr    Load Addr    Size         Type   Attr      Idx    E Section Name        Object

    0x00000000   0x00000000   0x00000220   Code   RO            3  * RESET               startup.o
    0x00000220   0x00000220   0x0000002c   Code   RO           13    .text               main.o
    0x0000024c   0x0000024c   0x00000108   Code   RO           16    .text               gpio.o
    0x00000354   0x00000354   0x000001cc   Code   RO           19    .text               util.o
    0x00000520   0x00000520   0x00000090   Code   RO           23    .text               acender_led.o
    0x000005b0   0x000005b0   0x00000068   Code   RO           27    .text               testar_chaves.o


    Execution Region ER_RW (Exec base: 0x20000000, Load base: 0x00000618, Size: 0x00000000, Max: 0xffffffff, ABSOLUTE)

    **** No section assigned to this execution region ****


    Execution Region ER_ZI (Exec base: 0x20000000, Load base: 0x00000618, Size: 0x00000400, Max: 0xffffffff, ABSOLUTE)

    Exec Addr    Load Addr    Size         Type   Attr      Idx    E Section Name        Object

    0x20000000        -       0x00000400   Zero   RW            1    STACK               startup.o


==============================================================================

Image component sizes


      Code (inc. data)   RO Data    RW Data    ZI Data      Debug   Object Name

       144         62          0          0          0        268   acender_led.o
       264         84          0          0          0        308   gpio.o
        44          2          0          0          0        240   main.o
       544        520          0          0       1024        804   startup.o
       104          0          0          0          0        280   testar_chaves.o
       460         92          0          0          0        380   util.o

    ----------------------------------------------------------------------
      1560        760          0          0       1024       2280   Object Totals
         0          0          0          0          0          0   (incl. Generated)
         0          0          0          0          0          0   (incl. Padding)

    ----------------------------------------------------------------------
         0          0          0          0          0          0   Library Totals
         0          0          0          0          0          0   (incl. Padding)

    ----------------------------------------------------------------------

==============================================================================


      Code (inc. data)   RO Data    RW Data    ZI Data      Debug   

      1560        760          0          0       1024       2280   Grand Totals
      1560        760          0          0       1024       2280   ELF Image Totals
      1560        760          0          0          0          0   ROM Totals

==============================================================================

    Total RO  Size (Code + RO Data)                 1560 (   1.52kB)
    Total RW  Size (RW Data + ZI Data)              1024 (   1.00kB)
    Total ROM Size (Code + RO Data + RW Data)       1560 (   1.52kB)

==============================================================================

